<html>
<body>
<pre>
<h1>µVision Build Log</h1>
<h2>Project:</h2>
C:\Users\Panpanpan PC\Desktop\MiDi\¸ÖÇÙ\MIDI_Piano\USER\STM32-DEMO.uvproj
Project File Date:  04/10/2016

<h2>Output:</h2>
*** Note: Rebuilding project, since 'Options->Output->Create Batch File' is selected.
Rebuild target 'TIM3-DEMO'
assembling startup_stm32f10x_hd.s...
compiling main.c...
main.c(22): warning:  #177-D: variable "i" was declared but never referenced
        u8 i=1;
main.c: 1 warning, 0 errors
compiling stm32f10x_it.c...
compiling led.c...
compiling Time_test.c...
compiling PWM.c...
compiling CMDShell.c...
compiling Music.c...
Music.c(70): warning:  #144-D: a value of type "volatile Song_t *" cannot be used to initialize an entity of type "Song_t *"
        Song_t *song = &sSong;
Music.c: 1 warning, 0 errors
compiling SysCall_fang.c...
compiling stm32f10x_gpio.c...
compiling stm32f10x_rcc.c...
compiling misc.c...
compiling stm32f10x_tim.c...
compiling stm32f10x_usart.c...
compiling core_cm3.c...
compiling system_stm32f10x.c...
linking...
Program Size: Code=6576 RO-data=336 RW-data=292 ZI-data=1580  
"..\Output\STM32-DEMO.axf" - 0 Error(s), 2 Warning(s).
</pre>
</body>
</html>
